Component: ARM Compiler 5.06 update 7 (build 960) Tool: armlink [4d3601]

==============================================================================

Section Cross References

    main.o(i.SysTick_Handler) refers to antichavirement.o(i.DectectionAngleRoulis) for DectectionAngleRoulis
    main.o(i.SysTick_Handler) refers to bordageautomatique.o(i.AsservBordage) for AsservBordage
    main.o(i.SysTick_Handler) refers to main.o(.data) for delayADC
    main.o(i.SysTick_Handler) refers to adc.o(.data) for chavirement
    main.o(i.SystemClock_Config) refers to stm32f1xx_ll_utils.o(i.LL_Init1msTick) for LL_Init1msTick
    main.o(i.SystemClock_Config) refers to stm32f1xx_ll_utils.o(i.LL_SetSystemCoreClock) for LL_SetSystemCoreClock
    main.o(i.main) refers to main.o(i.SystemClock_Config) for SystemClock_Config
    main.o(i.main) refers to bordageautomatique.o(i.ConfigBordage) for ConfigBordage
    main.o(i.main) refers to antichavirement.o(i.ConfigChavirement) for ConfigChavirement
    bordageautomatique.o(i.AsservBordage) refers to encoder.o(i.Calcul_Theta) for Calcul_Theta
    bordageautomatique.o(i.AsservBordage) refers to encoder.o(i.Calcul_Impulsion) for Calcul_Impulsion
    bordageautomatique.o(i.AsservBordage) refers to pwm.o(i.Envoi_Impulsion) for Envoi_Impulsion
    bordageautomatique.o(i.ConfigBordage) refers to encoder.o(i.Conf_IO_Girouette) for Conf_IO_Girouette
    bordageautomatique.o(i.ConfigBordage) refers to encoder.o(i.Timer_Conf_Encoder) for Timer_Conf_Encoder
    bordageautomatique.o(i.ConfigBordage) refers to encoder.o(i.Detection_Angle0) for Detection_Angle0
    bordageautomatique.o(i.ConfigBordage) refers to mytimer.o(i.MyTimer_Reset) for MyTimer_Reset
    bordageautomatique.o(i.ConfigBordage) refers to mytimer.o(i.MyTimer_Start) for MyTimer_Start
    bordageautomatique.o(i.ConfigBordage) refers to pwm.o(i.Conf_IO_Servomoteur) for Conf_IO_Servomoteur
    bordageautomatique.o(i.ConfigBordage) refers to pwm.o(i.Timer_Conf_PWM) for Timer_Conf_PWM
    antichavirement.o(i.ConfigChavirement) refers to adc.o(i.Conf_IO_ADC) for Conf_IO_ADC
    antichavirement.o(i.ConfigChavirement) refers to adc.o(i.Conf_ADC) for Conf_ADC
    antichavirement.o(i.ConfigChavirement) refers to antichavirement.o(i.RelachementVoile) for RelachementVoile
    antichavirement.o(i.DectectionAngleRoulis) refers to adc.o(i.Enable_ADC) for Enable_ADC
    antichavirement.o(i.RelachementVoile) refers to encoder.o(i.Calcul_Impulsion) for Calcul_Impulsion
    antichavirement.o(i.RelachementVoile) refers to pwm.o(i.Envoi_Impulsion) for Envoi_Impulsion
    cap.o(i.LL_TIM_IC_Config) refers to cap.o(.constdata) for OFFSET_TAB_CCMRx
    cap.o(i.LL_TIM_IC_SetPolarity) refers to cap.o(.constdata) for SHIFT_TAB_CCxP
    cap.o(i.LL_TIM_OC_SetIdleState) refers to cap.o(.constdata) for SHIFT_TAB_OISx
    cap.o(i.LL_TIM_OC_SetMode) refers to cap.o(.constdata) for OFFSET_TAB_CCMRx
    cap.o(i.TIM4_IRQHandler) refers to cap.o(i.get_info_RF) for get_info_RF
    cap.o(i.TIM4_IRQHandler) refers to cap.o(i.controle_moteur) for controle_moteur
    cap.o(i.controle_moteur) refers to cfcmple.o(.text) for __aeabi_cfcmple
    cap.o(i.controle_moteur) refers to mytimer.o(i.MyTimer_Conf) for MyTimer_Conf
    cap.o(i.controle_moteur) refers to fmul.o(.text) for __aeabi_fmul
    cap.o(i.controle_moteur) refers to ffixui.o(.text) for __aeabi_f2uiz
    cap.o(i.controle_moteur) refers to cap.o(i.LL_TIM_OC_SetCompareCH2) for LL_TIM_OC_SetCompareCH2
    cap.o(i.demarer_capture_PWM) refers to cap.o(i.LL_TIM_CC_EnableChannel) for LL_TIM_CC_EnableChannel
    cap.o(i.demarer_capture_PWM) refers to cap.o(i.LL_TIM_EnableCounter) for LL_TIM_EnableCounter
    cap.o(i.demarer_output_PWM) refers to cap.o(i.LL_TIM_CC_EnableChannel) for LL_TIM_CC_EnableChannel
    cap.o(i.demarer_output_PWM) refers to cap.o(i.LL_TIM_EnableCounter) for LL_TIM_EnableCounter
    cap.o(i.get_info_RF) refers to dfltui.o(.text) for __aeabi_ui2d
    cap.o(i.get_info_RF) refers to cdrcmple.o(.text) for __aeabi_cdrcmple
    cap.o(i.get_info_RF) refers to cdcmple.o(.text) for __aeabi_cdcmple
    cap.o(i.get_info_RF) refers to dadd.o(.text) for __aeabi_dsub
    cap.o(i.get_info_RF) refers to d2f.o(.text) for __aeabi_d2f
    cap.o(i.get_info_RF) refers to f2d.o(.text) for __aeabi_f2d
    cap.o(i.get_info_RF) refers to ddiv.o(.text) for __aeabi_ddiv
    cap.o(i.init_PinMoteur) refers to mytimer.o(i.MyTimer_Conf) for MyTimer_Conf
    cap.o(i.init_PinMoteur) refers to cap.o(i.LL_APB2_GRP1_EnableClock) for LL_APB2_GRP1_EnableClock
    cap.o(i.init_PinMoteur) refers to cap.o(i.LL_GPIO_SetPinMode) for LL_GPIO_SetPinMode
    cap.o(i.init_cap) refers to cap.o(i.init_inputPWM) for init_inputPWM
    cap.o(i.init_cap) refers to cap.o(i.configure_IT_T4) for configure_IT_T4
    cap.o(i.init_cap) refers to cap.o(i.init_PinMoteur) for init_PinMoteur
    cap.o(i.init_cap) refers to cap.o(i.demarer_output_PWM) for demarer_output_PWM
    cap.o(i.init_cap) refers to cap.o(i.demarer_capture_PWM) for demarer_capture_PWM
    cap.o(i.init_inputPWM) refers to mytimer.o(i.MyTimer_Conf) for MyTimer_Conf
    cap.o(i.init_inputPWM) refers to cap.o(i.LL_TIM_IC_Config) for LL_TIM_IC_Config
    cap.o(i.init_inputPWM) refers to cap.o(i.LL_TIM_IC_SetPolarity) for LL_TIM_IC_SetPolarity
    cap.o(i.init_inputPWM) refers to cap.o(i.LL_APB2_GRP1_EnableClock) for LL_APB2_GRP1_EnableClock
    cap.o(i.init_inputPWM) refers to cap.o(i.LL_GPIO_SetPinMode) for LL_GPIO_SetPinMode
    cap.o(i.init_outputPWM) refers to mytimer.o(i.MyTimer_Conf) for MyTimer_Conf
    cap.o(i.init_outputPWM) refers to cap.o(i.LL_TIM_OC_SetMode) for LL_TIM_OC_SetMode
    cap.o(i.init_outputPWM) refers to cap.o(i.LL_TIM_OC_SetIdleState) for LL_TIM_OC_SetIdleState
    cap.o(i.init_outputPWM) refers to cap.o(i.LL_TIM_OC_SetCompareCH2) for LL_TIM_OC_SetCompareCH2
    testsunitaires.o(i.Conf_Test) refers to testsunitaires.o(i.LL_GPIO_SetPinMode) for LL_GPIO_SetPinMode
    testsunitaires.o(i.Conf_Test) refers to testsunitaires.o(i.LL_GPIO_SetPinOutputType) for LL_GPIO_SetPinOutputType
    testsunitaires.o(i.Test_Girouette) refers to testsunitaires.o(i.LL_GPIO_SetOutputPin) for LL_GPIO_SetOutputPin
    testsunitaires.o(i.Test_Girouette) refers to stm32f1xx_ll_utils.o(i.LL_mDelay) for LL_mDelay
    testsunitaires.o(i.Test_Girouette) refers to testsunitaires.o(i.LL_GPIO_ResetOutputPin) for LL_GPIO_ResetOutputPin
    testsunitaires.o(i.Test_Servomoteur) refers to pwm.o(i.Conf_IO_Servomoteur) for Conf_IO_Servomoteur
    testsunitaires.o(i.Test_Servomoteur) refers to pwm.o(i.Timer_Conf_PWM) for Timer_Conf_PWM
    testsunitaires.o(i.Test_Servomoteur) refers to mytimer.o(i.MyTimer_Start) for MyTimer_Start
    testsunitaires.o(i.Test_Servomoteur) refers to encoder.o(i.Calcul_Impulsion) for Calcul_Impulsion
    testsunitaires.o(i.Test_Servomoteur) refers to pwm.o(i.Envoi_Impulsion) for Envoi_Impulsion
    testsunitaires.o(i.Test_Servomoteur) refers to stm32f1xx_ll_utils.o(i.LL_mDelay) for LL_mDelay
    mytimer.o(i.MyTimer_Conf) refers to mytimer.o(i.LL_APB1_GRP1_EnableClock) for LL_APB1_GRP1_EnableClock
    mytimer.o(i.MyTimer_Conf) refers to stm32f1xx_ll_tim.o(i.LL_TIM_Init) for LL_TIM_Init
    pwm.o(i.Conf_IO_Servomoteur) refers to pwm.o(i.LL_APB2_GRP1_EnableClock) for LL_APB2_GRP1_EnableClock
    pwm.o(i.Envoi_Impulsion) refers to fmul.o(.text) for __aeabi_fmul
    pwm.o(i.Envoi_Impulsion) refers to ffixui.o(.text) for __aeabi_f2uiz
    pwm.o(i.Timer_Conf_PWM) refers to pwm.o(i.LL_APB2_GRP1_EnableClock) for LL_APB2_GRP1_EnableClock
    pwm.o(i.Timer_Conf_PWM) refers to stm32f1xx_ll_tim.o(i.LL_TIM_OC_StructInit) for LL_TIM_OC_StructInit
    pwm.o(i.Timer_Conf_PWM) refers to stm32f1xx_ll_tim.o(i.LL_TIM_OC_Init) for LL_TIM_OC_Init
    adc.o(i.ADC1_2_IRQHandler) refers to adc.o(.data) for chavirement
    adc.o(i.Conf_ADC) refers to adc.o(i.LL_APB2_GRP1_EnableClock) for LL_APB2_GRP1_EnableClock
    adc.o(i.Conf_ADC) refers to stm32f1xx_ll_adc.o(i.LL_ADC_REG_StructInit) for LL_ADC_REG_StructInit
    adc.o(i.Conf_ADC) refers to stm32f1xx_ll_adc.o(i.LL_ADC_REG_Init) for LL_ADC_REG_Init
    adc.o(i.Conf_ADC) refers to adc.o(.data) for Ptr_ItFct_ADC
    adc.o(i.Conf_IO_ADC) refers to adc.o(i.LL_APB2_GRP1_EnableClock) for LL_APB2_GRP1_EnableClock
    encoder.o(i.Calcul_Impulsion) refers to fadd.o(.text) for __aeabi_fsub
    encoder.o(i.Calcul_Impulsion) refers to fdiv.o(.text) for __aeabi_fdiv
    encoder.o(i.Calcul_Theta) refers to dfltui.o(.text) for __aeabi_ui2d
    encoder.o(i.Calcul_Theta) refers to dmul.o(.text) for __aeabi_dmul
    encoder.o(i.Calcul_Theta) refers to dadd.o(.text) for __aeabi_dsub
    encoder.o(i.Calcul_Theta) refers to d2f.o(.text) for __aeabi_d2f
    encoder.o(i.Conf_IO_Girouette) refers to encoder.o(i.LL_GPIO_SetPinMode) for LL_GPIO_SetPinMode
    encoder.o(i.Timer_Conf_Encoder) refers to stm32f1xx_ll_tim.o(i.LL_TIM_ENCODER_StructInit) for LL_TIM_ENCODER_StructInit
    encoder.o(i.Timer_Conf_Encoder) refers to stm32f1xx_ll_tim.o(i.LL_TIM_ENCODER_Init) for LL_TIM_ENCODER_Init
    encoder.o(i.Timer_Conf_Encoder) refers to encoder.o(i.Conf_IO_Girouette) for Conf_IO_Girouette
    stm32f1xx_ll_rcc.o(i.LL_RCC_DeInit) refers to stm32f1xx_ll_rcc.o(i.LL_RCC_PLL_IsReady) for LL_RCC_PLL_IsReady
    stm32f1xx_ll_rcc.o(i.LL_RCC_GetADCClockFreq) refers to main.o(i.assert_failed) for assert_failed
    stm32f1xx_ll_rcc.o(i.LL_RCC_GetADCClockFreq) refers to stm32f1xx_ll_rcc.o(i.RCC_GetSystemClockFreq) for RCC_GetSystemClockFreq
    stm32f1xx_ll_rcc.o(i.LL_RCC_GetADCClockFreq) refers to stm32f1xx_ll_rcc.o(i.RCC_GetHCLKClockFreq) for RCC_GetHCLKClockFreq
    stm32f1xx_ll_rcc.o(i.LL_RCC_GetADCClockFreq) refers to stm32f1xx_ll_rcc.o(i.RCC_GetPCLK2ClockFreq) for RCC_GetPCLK2ClockFreq
    stm32f1xx_ll_rcc.o(i.LL_RCC_GetSystemClocksFreq) refers to stm32f1xx_ll_rcc.o(i.RCC_GetSystemClockFreq) for RCC_GetSystemClockFreq
    stm32f1xx_ll_rcc.o(i.LL_RCC_GetSystemClocksFreq) refers to stm32f1xx_ll_rcc.o(i.RCC_GetHCLKClockFreq) for RCC_GetHCLKClockFreq
    stm32f1xx_ll_rcc.o(i.LL_RCC_GetSystemClocksFreq) refers to stm32f1xx_ll_rcc.o(i.RCC_GetPCLK1ClockFreq) for RCC_GetPCLK1ClockFreq
    stm32f1xx_ll_rcc.o(i.LL_RCC_GetSystemClocksFreq) refers to stm32f1xx_ll_rcc.o(i.RCC_GetPCLK2ClockFreq) for RCC_GetPCLK2ClockFreq
    stm32f1xx_ll_rcc.o(i.LL_RCC_GetUSBClockFreq) refers to main.o(i.assert_failed) for assert_failed
    stm32f1xx_ll_rcc.o(i.LL_RCC_GetUSBClockFreq) refers to stm32f1xx_ll_rcc.o(i.LL_RCC_PLL_IsReady) for LL_RCC_PLL_IsReady
    stm32f1xx_ll_rcc.o(i.LL_RCC_GetUSBClockFreq) refers to stm32f1xx_ll_rcc.o(i.RCC_PLL_GetFreqDomain_SYS) for RCC_PLL_GetFreqDomain_SYS
    stm32f1xx_ll_rcc.o(i.RCC_GetHCLKClockFreq) refers to system_stm32f1xx.o(.constdata) for AHBPrescTable
    stm32f1xx_ll_rcc.o(i.RCC_GetPCLK1ClockFreq) refers to system_stm32f1xx.o(.constdata) for APBPrescTable
    stm32f1xx_ll_rcc.o(i.RCC_GetPCLK2ClockFreq) refers to system_stm32f1xx.o(.constdata) for APBPrescTable
    stm32f1xx_ll_rcc.o(i.RCC_GetSystemClockFreq) refers to stm32f1xx_ll_rcc.o(i.RCC_PLL_GetFreqDomain_SYS) for RCC_PLL_GetFreqDomain_SYS
    stm32f1xx_ll_utils.o(i.LL_PLL_ConfigSystemClock_HSE) refers to main.o(i.assert_failed) for assert_failed
    stm32f1xx_ll_utils.o(i.LL_PLL_ConfigSystemClock_HSE) refers to stm32f1xx_ll_utils.o(i.UTILS_PLL_IsBusy) for UTILS_PLL_IsBusy
    stm32f1xx_ll_utils.o(i.LL_PLL_ConfigSystemClock_HSE) refers to stm32f1xx_ll_utils.o(i.UTILS_GetPLLOutputFrequency) for UTILS_GetPLLOutputFrequency
    stm32f1xx_ll_utils.o(i.LL_PLL_ConfigSystemClock_HSE) refers to stm32f1xx_ll_utils.o(i.LL_RCC_HSE_IsReady) for LL_RCC_HSE_IsReady
    stm32f1xx_ll_utils.o(i.LL_PLL_ConfigSystemClock_HSE) refers to stm32f1xx_ll_utils.o(i.LL_RCC_PLL_ConfigDomain_SYS) for LL_RCC_PLL_ConfigDomain_SYS
    stm32f1xx_ll_utils.o(i.LL_PLL_ConfigSystemClock_HSE) refers to stm32f1xx_ll_utils.o(i.UTILS_EnablePLLAndSwitchSystem) for UTILS_EnablePLLAndSwitchSystem
    stm32f1xx_ll_utils.o(i.LL_PLL_ConfigSystemClock_HSI) refers to stm32f1xx_ll_utils.o(i.UTILS_PLL_IsBusy) for UTILS_PLL_IsBusy
    stm32f1xx_ll_utils.o(i.LL_PLL_ConfigSystemClock_HSI) refers to stm32f1xx_ll_utils.o(i.UTILS_GetPLLOutputFrequency) for UTILS_GetPLLOutputFrequency
    stm32f1xx_ll_utils.o(i.LL_PLL_ConfigSystemClock_HSI) refers to stm32f1xx_ll_utils.o(i.LL_RCC_HSI_IsReady) for LL_RCC_HSI_IsReady
    stm32f1xx_ll_utils.o(i.LL_PLL_ConfigSystemClock_HSI) refers to stm32f1xx_ll_utils.o(i.LL_RCC_PLL_ConfigDomain_SYS) for LL_RCC_PLL_ConfigDomain_SYS
    stm32f1xx_ll_utils.o(i.LL_PLL_ConfigSystemClock_HSI) refers to stm32f1xx_ll_utils.o(i.UTILS_EnablePLLAndSwitchSystem) for UTILS_EnablePLLAndSwitchSystem
    stm32f1xx_ll_utils.o(i.LL_SetSystemCoreClock) refers to system_stm32f1xx.o(.data) for SystemCoreClock
    stm32f1xx_ll_utils.o(i.UTILS_EnablePLLAndSwitchSystem) refers to main.o(i.assert_failed) for assert_failed
    stm32f1xx_ll_utils.o(i.UTILS_EnablePLLAndSwitchSystem) refers to stm32f1xx_ll_utils.o(i.UTILS_SetFlashLatency) for UTILS_SetFlashLatency
    stm32f1xx_ll_utils.o(i.UTILS_EnablePLLAndSwitchSystem) refers to stm32f1xx_ll_utils.o(i.LL_RCC_PLL_IsReady) for LL_RCC_PLL_IsReady
    stm32f1xx_ll_utils.o(i.UTILS_EnablePLLAndSwitchSystem) refers to stm32f1xx_ll_utils.o(i.LL_SetSystemCoreClock) for LL_SetSystemCoreClock
    stm32f1xx_ll_utils.o(i.UTILS_EnablePLLAndSwitchSystem) refers to system_stm32f1xx.o(.constdata) for AHBPrescTable
    stm32f1xx_ll_utils.o(i.UTILS_EnablePLLAndSwitchSystem) refers to system_stm32f1xx.o(.data) for SystemCoreClock
    stm32f1xx_ll_utils.o(i.UTILS_GetPLLOutputFrequency) refers to main.o(i.assert_failed) for assert_failed
    stm32f1xx_ll_utils.o(i.UTILS_PLL_IsBusy) refers to stm32f1xx_ll_utils.o(i.LL_RCC_PLL_IsReady) for LL_RCC_PLL_IsReady
    stm32f1xx_ll_tim.o(i.IC1Config) refers to main.o(i.assert_failed) for assert_failed
    stm32f1xx_ll_tim.o(i.IC2Config) refers to main.o(i.assert_failed) for assert_failed
    stm32f1xx_ll_tim.o(i.IC3Config) refers to main.o(i.assert_failed) for assert_failed
    stm32f1xx_ll_tim.o(i.IC4Config) refers to main.o(i.assert_failed) for assert_failed
    stm32f1xx_ll_tim.o(i.LL_TIM_BDTR_Init) refers to main.o(i.assert_failed) for assert_failed
    stm32f1xx_ll_tim.o(i.LL_TIM_DeInit) refers to main.o(i.assert_failed) for assert_failed
    stm32f1xx_ll_tim.o(i.LL_TIM_DeInit) refers to stm32f1xx_ll_tim.o(i.LL_APB1_GRP1_ForceReset) for LL_APB1_GRP1_ForceReset
    stm32f1xx_ll_tim.o(i.LL_TIM_DeInit) refers to stm32f1xx_ll_tim.o(i.LL_APB1_GRP1_ReleaseReset) for LL_APB1_GRP1_ReleaseReset
    stm32f1xx_ll_tim.o(i.LL_TIM_ENCODER_Init) refers to main.o(i.assert_failed) for assert_failed
    stm32f1xx_ll_tim.o(i.LL_TIM_HALLSENSOR_Init) refers to main.o(i.assert_failed) for assert_failed
    stm32f1xx_ll_tim.o(i.LL_TIM_HALLSENSOR_Init) refers to stm32f1xx_ll_tim.o(i.LL_TIM_OC_SetCompareCH2) for LL_TIM_OC_SetCompareCH2
    stm32f1xx_ll_tim.o(i.LL_TIM_IC_Init) refers to stm32f1xx_ll_tim.o(i.IC1Config) for IC1Config
    stm32f1xx_ll_tim.o(i.LL_TIM_IC_Init) refers to stm32f1xx_ll_tim.o(i.IC2Config) for IC2Config
    stm32f1xx_ll_tim.o(i.LL_TIM_IC_Init) refers to stm32f1xx_ll_tim.o(i.IC3Config) for IC3Config
    stm32f1xx_ll_tim.o(i.LL_TIM_IC_Init) refers to stm32f1xx_ll_tim.o(i.IC4Config) for IC4Config
    stm32f1xx_ll_tim.o(i.LL_TIM_Init) refers to main.o(i.assert_failed) for assert_failed
    stm32f1xx_ll_tim.o(i.LL_TIM_OC_Init) refers to stm32f1xx_ll_tim.o(i.OC1Config) for OC1Config
    stm32f1xx_ll_tim.o(i.LL_TIM_OC_Init) refers to stm32f1xx_ll_tim.o(i.OC2Config) for OC2Config
    stm32f1xx_ll_tim.o(i.LL_TIM_OC_Init) refers to stm32f1xx_ll_tim.o(i.OC3Config) for OC3Config
    stm32f1xx_ll_tim.o(i.LL_TIM_OC_Init) refers to stm32f1xx_ll_tim.o(i.OC4Config) for OC4Config
    stm32f1xx_ll_tim.o(i.OC1Config) refers to main.o(i.assert_failed) for assert_failed
    stm32f1xx_ll_tim.o(i.OC2Config) refers to main.o(i.assert_failed) for assert_failed
    stm32f1xx_ll_tim.o(i.OC2Config) refers to stm32f1xx_ll_tim.o(i.LL_TIM_OC_SetCompareCH2) for LL_TIM_OC_SetCompareCH2
    stm32f1xx_ll_tim.o(i.OC3Config) refers to main.o(i.assert_failed) for assert_failed
    stm32f1xx_ll_tim.o(i.OC4Config) refers to main.o(i.assert_failed) for assert_failed
    stm32f1xx_ll_gpio.o(i.LL_GPIO_DeInit) refers to main.o(i.assert_failed) for assert_failed
    stm32f1xx_ll_gpio.o(i.LL_GPIO_DeInit) refers to stm32f1xx_ll_gpio.o(i.LL_APB2_GRP1_ForceReset) for LL_APB2_GRP1_ForceReset
    stm32f1xx_ll_gpio.o(i.LL_GPIO_DeInit) refers to stm32f1xx_ll_gpio.o(i.LL_APB2_GRP1_ReleaseReset) for LL_APB2_GRP1_ReleaseReset
    stm32f1xx_ll_gpio.o(i.LL_GPIO_Init) refers to main.o(i.assert_failed) for assert_failed
    stm32f1xx_ll_adc.o(i.LL_ADC_CommonDeInit) refers to main.o(i.assert_failed) for assert_failed
    stm32f1xx_ll_adc.o(i.LL_ADC_CommonInit) refers to main.o(i.assert_failed) for assert_failed
    stm32f1xx_ll_adc.o(i.LL_ADC_CommonInit) refers to stm32f1xx_ll_adc.o(i.LL_ADC_IsEnabled) for LL_ADC_IsEnabled
    stm32f1xx_ll_adc.o(i.LL_ADC_DeInit) refers to main.o(i.assert_failed) for assert_failed
    stm32f1xx_ll_adc.o(i.LL_ADC_DeInit) refers to stm32f1xx_ll_adc.o(i.LL_ADC_IsEnabled) for LL_ADC_IsEnabled
    stm32f1xx_ll_adc.o(i.LL_ADC_INJ_Init) refers to main.o(i.assert_failed) for assert_failed
    stm32f1xx_ll_adc.o(i.LL_ADC_INJ_Init) refers to stm32f1xx_ll_adc.o(i.LL_ADC_IsEnabled) for LL_ADC_IsEnabled
    stm32f1xx_ll_adc.o(i.LL_ADC_Init) refers to main.o(i.assert_failed) for assert_failed
    stm32f1xx_ll_adc.o(i.LL_ADC_Init) refers to stm32f1xx_ll_adc.o(i.LL_ADC_IsEnabled) for LL_ADC_IsEnabled
    stm32f1xx_ll_adc.o(i.LL_ADC_REG_Init) refers to main.o(i.assert_failed) for assert_failed
    stm32f1xx_ll_adc.o(i.LL_ADC_REG_Init) refers to stm32f1xx_ll_adc.o(i.LL_ADC_IsEnabled) for LL_ADC_IsEnabled
    system_stm32f1xx.o(i.SystemCoreClockUpdate) refers to system_stm32f1xx.o(.data) for SystemCoreClock
    system_stm32f1xx.o(i.SystemCoreClockUpdate) refers to system_stm32f1xx.o(.constdata) for AHBPrescTable
    startup_stm32f103xb.o(RESET) refers to startup_stm32f103xb.o(STACK) for __initial_sp
    startup_stm32f103xb.o(RESET) refers to startup_stm32f103xb.o(.text) for Reset_Handler
    startup_stm32f103xb.o(RESET) refers to main.o(i.SysTick_Handler) for SysTick_Handler
    startup_stm32f103xb.o(RESET) refers to adc.o(i.ADC1_2_IRQHandler) for ADC1_2_IRQHandler
    startup_stm32f103xb.o(RESET) refers to cap.o(i.TIM4_IRQHandler) for TIM4_IRQHandler
    startup_stm32f103xb.o(.text) refers to system_stm32f1xx.o(i.SystemInit) for SystemInit
    startup_stm32f103xb.o(.text) refers to entry.o(.ARM.Collect$$$$00000000) for __main
    entry.o(.ARM.Collect$$$$00000000) refers (Special) to entry10a.o(.ARM.Collect$$$$0000000F) for __rt_final_cpp
    entry.o(.ARM.Collect$$$$00000000) refers (Special) to entry11a.o(.ARM.Collect$$$$00000011) for __rt_final_exit
    entry.o(.ARM.Collect$$$$00000000) refers (Special) to entry12b.o(.ARM.Collect$$$$0000000E) for __rt_lib_shutdown_fini
    entry.o(.ARM.Collect$$$$00000000) refers (Special) to entry7b.o(.ARM.Collect$$$$00000008) for _main_clock
    entry.o(.ARM.Collect$$$$00000000) refers (Special) to entry8b.o(.ARM.Collect$$$$0000000A) for _main_cpp_init
    entry.o(.ARM.Collect$$$$00000000) refers (Special) to entry9a.o(.ARM.Collect$$$$0000000B) for _main_init
    entry.o(.ARM.Collect$$$$00000000) refers (Special) to entry5.o(.ARM.Collect$$$$00000004) for _main_scatterload
    entry.o(.ARM.Collect$$$$00000000) refers (Special) to entry2.o(.ARM.Collect$$$$00000001) for _main_stk
    fadd.o(.text) refers (Special) to iusefp.o(.text) for __I$use$fp
    fadd.o(.text) refers to fepilogue.o(.text) for _float_epilogue
    fmul.o(.text) refers (Special) to iusefp.o(.text) for __I$use$fp
    fdiv.o(.text) refers (Special) to iusefp.o(.text) for __I$use$fp
    fdiv.o(.text) refers to fepilogue.o(.text) for _float_round
    dadd.o(.text) refers (Special) to iusefp.o(.text) for __I$use$fp
    dadd.o(.text) refers to llshl.o(.text) for __aeabi_llsl
    dadd.o(.text) refers to llsshr.o(.text) for __aeabi_lasr
    dadd.o(.text) refers to depilogue.o(.text) for _double_epilogue
    dmul.o(.text) refers (Special) to iusefp.o(.text) for __I$use$fp
    dmul.o(.text) refers to depilogue.o(.text) for _double_epilogue
    ddiv.o(.text) refers (Special) to iusefp.o(.text) for __I$use$fp
    ddiv.o(.text) refers to depilogue.o(.text) for _double_round
    dfltui.o(.text) refers (Special) to iusefp.o(.text) for __I$use$fp
    dfltui.o(.text) refers to depilogue.o(.text) for _double_epilogue
    ffixui.o(.text) refers (Special) to iusefp.o(.text) for __I$use$fp
    f2d.o(.text) refers (Special) to iusefp.o(.text) for __I$use$fp
    cdcmple.o(.text) refers (Special) to iusefp.o(.text) for __I$use$fp
    cdrcmple.o(.text) refers (Special) to iusefp.o(.text) for __I$use$fp
    d2f.o(.text) refers (Special) to iusefp.o(.text) for __I$use$fp
    d2f.o(.text) refers to fepilogue.o(.text) for _float_round
    cfcmple.o(.text) refers (Special) to iusefp.o(.text) for __I$use$fp
    entry2.o(.ARM.Collect$$$$00000001) refers to entry2.o(.ARM.Collect$$$$00002712) for __lit__00000000
    entry2.o(.ARM.Collect$$$$00002712) refers to startup_stm32f103xb.o(STACK) for __initial_sp
    entry2.o(__vectab_stack_and_reset_area) refers to startup_stm32f103xb.o(STACK) for __initial_sp
    entry2.o(__vectab_stack_and_reset_area) refers to entry.o(.ARM.Collect$$$$00000000) for __main
    entry5.o(.ARM.Collect$$$$00000004) refers to init.o(.text) for __scatterload
    entry9a.o(.ARM.Collect$$$$0000000B) refers to main.o(i.main) for main
    entry9b.o(.ARM.Collect$$$$0000000C) refers to main.o(i.main) for main
    depilogue.o(.text) refers to llshl.o(.text) for __aeabi_llsl
    depilogue.o(.text) refers to llushr.o(.text) for __aeabi_llsr
    init.o(.text) refers to entry5.o(.ARM.Collect$$$$00000004) for __main_after_scatterload


==============================================================================

Removing Unused input sections from the image.

    Removing main.o(.rev16_text), (4 bytes).
    Removing main.o(.revsh_text), (4 bytes).
    Removing main.o(.rrx_text), (6 bytes).
    Removing bordageautomatique.o(.rev16_text), (4 bytes).
    Removing bordageautomatique.o(.revsh_text), (4 bytes).
    Removing bordageautomatique.o(.rrx_text), (6 bytes).
    Removing antichavirement.o(.rev16_text), (4 bytes).
    Removing antichavirement.o(.revsh_text), (4 bytes).
    Removing antichavirement.o(.rrx_text), (6 bytes).
    Removing cap.o(.rev16_text), (4 bytes).
    Removing cap.o(.revsh_text), (4 bytes).
    Removing cap.o(.rrx_text), (6 bytes).
    Removing cap.o(i.LL_APB2_GRP1_EnableClock), (28 bytes).
    Removing cap.o(i.LL_GPIO_SetPinMode), (44 bytes).
    Removing cap.o(i.LL_TIM_CC_EnableChannel), (8 bytes).
    Removing cap.o(i.LL_TIM_EnableCounter), (10 bytes).
    Removing cap.o(i.LL_TIM_IC_Config), (136 bytes).
    Removing cap.o(i.LL_TIM_IC_SetPolarity), (88 bytes).
    Removing cap.o(i.LL_TIM_OC_SetIdleState), (92 bytes).
    Removing cap.o(i.LL_TIM_OC_SetMode), (108 bytes).
    Removing cap.o(i.configure_IT_T4), (60 bytes).
    Removing cap.o(i.demarer_capture_PWM), (32 bytes).
    Removing cap.o(i.demarer_output_PWM), (40 bytes).
    Removing cap.o(i.init_PinMoteur), (108 bytes).
    Removing cap.o(i.init_cap), (24 bytes).
    Removing cap.o(i.init_inputPWM), (120 bytes).
    Removing cap.o(i.init_outputPWM), (46 bytes).
    Removing cap.o(.constdata), (35 bytes).
    Removing testsunitaires.o(.rev16_text), (4 bytes).
    Removing testsunitaires.o(.revsh_text), (4 bytes).
    Removing testsunitaires.o(.rrx_text), (6 bytes).
    Removing testsunitaires.o(i.Conf_Test), (80 bytes).
    Removing testsunitaires.o(i.LL_GPIO_ResetOutputPin), (8 bytes).
    Removing testsunitaires.o(i.LL_GPIO_SetOutputPin), (8 bytes).
    Removing testsunitaires.o(i.LL_GPIO_SetPinMode), (44 bytes).
    Removing testsunitaires.o(i.LL_GPIO_SetPinOutputType), (44 bytes).
    Removing testsunitaires.o(i.Test_Girouette), (116 bytes).
    Removing testsunitaires.o(i.Test_Servomoteur), (104 bytes).
    Removing testsunitaires.o(.constdata), (35 bytes).
    Removing mytimer.o(.rev16_text), (4 bytes).
    Removing mytimer.o(.revsh_text), (4 bytes).
    Removing mytimer.o(.rrx_text), (6 bytes).
    Removing mytimer.o(.constdata), (35 bytes).
    Removing pwm.o(.rev16_text), (4 bytes).
    Removing pwm.o(.revsh_text), (4 bytes).
    Removing pwm.o(.rrx_text), (6 bytes).
    Removing pwm.o(.constdata), (35 bytes).
    Removing adc.o(.rev16_text), (4 bytes).
    Removing adc.o(.revsh_text), (4 bytes).
    Removing adc.o(.rrx_text), (6 bytes).
    Removing encoder.o(.rev16_text), (4 bytes).
    Removing encoder.o(.revsh_text), (4 bytes).
    Removing encoder.o(.rrx_text), (6 bytes).
    Removing encoder.o(.constdata), (35 bytes).
    Removing stm32f1xx_ll_rcc.o(.rev16_text), (4 bytes).
    Removing stm32f1xx_ll_rcc.o(.revsh_text), (4 bytes).
    Removing stm32f1xx_ll_rcc.o(.rrx_text), (6 bytes).
    Removing stm32f1xx_ll_rcc.o(i.LL_RCC_DeInit), (152 bytes).
    Removing stm32f1xx_ll_rcc.o(i.LL_RCC_GetADCClockFreq), (124 bytes).
    Removing stm32f1xx_ll_rcc.o(i.LL_RCC_GetSystemClocksFreq), (36 bytes).
    Removing stm32f1xx_ll_rcc.o(i.LL_RCC_GetUSBClockFreq), (120 bytes).
    Removing stm32f1xx_ll_rcc.o(i.LL_RCC_PLL_IsReady), (16 bytes).
    Removing stm32f1xx_ll_rcc.o(i.RCC_GetHCLKClockFreq), (32 bytes).
    Removing stm32f1xx_ll_rcc.o(i.RCC_GetPCLK1ClockFreq), (36 bytes).
    Removing stm32f1xx_ll_rcc.o(i.RCC_GetPCLK2ClockFreq), (36 bytes).
    Removing stm32f1xx_ll_rcc.o(i.RCC_GetSystemClockFreq), (60 bytes).
    Removing stm32f1xx_ll_rcc.o(i.RCC_PLL_GetFreqDomain_SYS), (88 bytes).
    Removing stm32f1xx_ll_utils.o(.rev16_text), (4 bytes).
    Removing stm32f1xx_ll_utils.o(.revsh_text), (4 bytes).
    Removing stm32f1xx_ll_utils.o(.rrx_text), (6 bytes).
    Removing stm32f1xx_ll_utils.o(i.LL_PLL_ConfigSystemClock_HSE), (260 bytes).
    Removing stm32f1xx_ll_utils.o(i.LL_PLL_ConfigSystemClock_HSI), (104 bytes).
    Removing stm32f1xx_ll_utils.o(i.LL_RCC_HSE_IsReady), (16 bytes).
    Removing stm32f1xx_ll_utils.o(i.LL_RCC_HSI_IsReady), (16 bytes).
    Removing stm32f1xx_ll_utils.o(i.LL_RCC_PLL_ConfigDomain_SYS), (28 bytes).
    Removing stm32f1xx_ll_utils.o(i.LL_RCC_PLL_IsReady), (16 bytes).
    Removing stm32f1xx_ll_utils.o(i.LL_mDelay), (40 bytes).
    Removing stm32f1xx_ll_utils.o(i.UTILS_EnablePLLAndSwitchSystem), (416 bytes).
    Removing stm32f1xx_ll_utils.o(i.UTILS_GetPLLOutputFrequency), (228 bytes).
    Removing stm32f1xx_ll_utils.o(i.UTILS_PLL_IsBusy), (16 bytes).
    Removing stm32f1xx_ll_utils.o(i.UTILS_SetFlashLatency), (80 bytes).
    Removing stm32f1xx_ll_tim.o(.rev16_text), (4 bytes).
    Removing stm32f1xx_ll_tim.o(.revsh_text), (4 bytes).
    Removing stm32f1xx_ll_tim.o(.rrx_text), (6 bytes).
    Removing stm32f1xx_ll_tim.o(i.IC1Config), (376 bytes).
    Removing stm32f1xx_ll_tim.o(i.IC2Config), (376 bytes).
    Removing stm32f1xx_ll_tim.o(i.IC3Config), (380 bytes).
    Removing stm32f1xx_ll_tim.o(i.IC4Config), (380 bytes).
    Removing stm32f1xx_ll_tim.o(i.LL_APB1_GRP1_ForceReset), (16 bytes).
    Removing stm32f1xx_ll_tim.o(i.LL_APB1_GRP1_ReleaseReset), (16 bytes).
    Removing stm32f1xx_ll_tim.o(i.LL_TIM_BDTR_Init), (312 bytes).
    Removing stm32f1xx_ll_tim.o(i.LL_TIM_BDTR_StructInit), (18 bytes).
    Removing stm32f1xx_ll_tim.o(i.LL_TIM_DeInit), (192 bytes).
    Removing stm32f1xx_ll_tim.o(i.LL_TIM_HALLSENSOR_Init), (396 bytes).
    Removing stm32f1xx_ll_tim.o(i.LL_TIM_HALLSENSOR_StructInit), (12 bytes).
    Removing stm32f1xx_ll_tim.o(i.LL_TIM_IC_Init), (92 bytes).
    Removing stm32f1xx_ll_tim.o(i.LL_TIM_IC_StructInit), (18 bytes).
    Removing stm32f1xx_ll_tim.o(i.LL_TIM_StructInit), (18 bytes).
    Removing stm32f1xx_ll_tim.o(.constdata), (35 bytes).
    Removing stm32f1xx_ll_gpio.o(.rev16_text), (4 bytes).
    Removing stm32f1xx_ll_gpio.o(.revsh_text), (4 bytes).
    Removing stm32f1xx_ll_gpio.o(.rrx_text), (6 bytes).
    Removing stm32f1xx_ll_gpio.o(i.LL_APB2_GRP1_ForceReset), (16 bytes).
    Removing stm32f1xx_ll_gpio.o(i.LL_APB2_GRP1_ReleaseReset), (16 bytes).
    Removing stm32f1xx_ll_gpio.o(i.LL_GPIO_DeInit), (212 bytes).
    Removing stm32f1xx_ll_gpio.o(i.LL_GPIO_Init), (504 bytes).
    Removing stm32f1xx_ll_gpio.o(i.LL_GPIO_StructInit), (24 bytes).
    Removing stm32f1xx_ll_adc.o(.rev16_text), (4 bytes).
    Removing stm32f1xx_ll_adc.o(.revsh_text), (4 bytes).
    Removing stm32f1xx_ll_adc.o(.rrx_text), (6 bytes).
    Removing stm32f1xx_ll_adc.o(i.LL_ADC_CommonDeInit), (100 bytes).
    Removing stm32f1xx_ll_adc.o(i.LL_ADC_CommonInit), (216 bytes).
    Removing stm32f1xx_ll_adc.o(i.LL_ADC_CommonStructInit), (6 bytes).
    Removing stm32f1xx_ll_adc.o(i.LL_ADC_DeInit), (272 bytes).
    Removing stm32f1xx_ll_adc.o(i.LL_ADC_INJ_Init), (316 bytes).
    Removing stm32f1xx_ll_adc.o(i.LL_ADC_INJ_StructInit), (16 bytes).
    Removing stm32f1xx_ll_adc.o(i.LL_ADC_Init), (164 bytes).
    Removing stm32f1xx_ll_adc.o(i.LL_ADC_StructInit), (12 bytes).
    Removing system_stm32f1xx.o(.rev16_text), (4 bytes).
    Removing system_stm32f1xx.o(.revsh_text), (4 bytes).
    Removing system_stm32f1xx.o(.rrx_text), (6 bytes).
    Removing system_stm32f1xx.o(i.SystemCoreClockUpdate), (164 bytes).
    Removing system_stm32f1xx.o(.constdata), (24 bytes).
    Removing startup_stm32f103xb.o(HEAP), (512 bytes).

124 unused section(s) (total 8864 bytes) removed from the image.

==============================================================================

Image Symbol Table

    Local Symbols

    Symbol Name                              Value     Ov Type        Size  Object(Section)

    ../Src/main.c                            0x00000000   Number         0  main.o ABSOLUTE
    ../Src/system_stm32f1xx.c                0x00000000   Number         0  system_stm32f1xx.o ABSOLUTE
    ../clib/microlib/init/entry.s            0x00000000   Number         0  entry12b.o ABSOLUTE
    ../clib/microlib/init/entry.s            0x00000000   Number         0  entry8b.o ABSOLUTE
    ../clib/microlib/init/entry.s            0x00000000   Number         0  entry.o ABSOLUTE
    ../clib/microlib/init/entry.s            0x00000000   Number         0  entry7b.o ABSOLUTE
    ../clib/microlib/init/entry.s            0x00000000   Number         0  entry11b.o ABSOLUTE
    ../clib/microlib/init/entry.s            0x00000000   Number         0  entry2.o ABSOLUTE
    ../clib/microlib/init/entry.s            0x00000000   Number         0  entry11a.o ABSOLUTE
    ../clib/microlib/init/entry.s            0x00000000   Number         0  entry10b.o ABSOLUTE
    ../clib/microlib/init/entry.s            0x00000000   Number         0  entry10a.o ABSOLUTE
    ../clib/microlib/init/entry.s            0x00000000   Number         0  entry12a.o ABSOLUTE
    ../clib/microlib/init/entry.s            0x00000000   Number         0  entry5.o ABSOLUTE
    ../clib/microlib/init/entry.s            0x00000000   Number         0  entry9b.o ABSOLUTE
    ../clib/microlib/init/entry.s            0x00000000   Number         0  entry7a.o ABSOLUTE
    ../clib/microlib/init/entry.s            0x00000000   Number         0  entry8a.o ABSOLUTE
    ../clib/microlib/init/entry.s            0x00000000   Number         0  entry9a.o ABSOLUTE
    ../clib/microlib/longlong.c              0x00000000   Number         0  llushr.o ABSOLUTE
    ../clib/microlib/longlong.c              0x00000000   Number         0  llsshr.o ABSOLUTE
    ../clib/microlib/longlong.c              0x00000000   Number         0  llshl.o ABSOLUTE
    ../clib/microlib/stubs.s                 0x00000000   Number         0  iusefp.o ABSOLUTE
    ../fplib/microlib/d2f.c                  0x00000000   Number         0  d2f.o ABSOLUTE
    ../fplib/microlib/f2d.c                  0x00000000   Number         0  f2d.o ABSOLUTE
    ../fplib/microlib/fpadd.c                0x00000000   Number         0  fadd.o ABSOLUTE
    ../fplib/microlib/fpadd.c                0x00000000   Number         0  dadd.o ABSOLUTE
    ../fplib/microlib/fpdiv.c                0x00000000   Number         0  fdiv.o ABSOLUTE
    ../fplib/microlib/fpdiv.c                0x00000000   Number         0  ddiv.o ABSOLUTE
    ../fplib/microlib/fpepilogue.c           0x00000000   Number         0  depilogue.o ABSOLUTE
    ../fplib/microlib/fpepilogue.c           0x00000000   Number         0  fepilogue.o ABSOLUTE
    ../fplib/microlib/fpfix.c                0x00000000   Number         0  ffixui.o ABSOLUTE
    ../fplib/microlib/fpflt.c                0x00000000   Number         0  dfltui.o ABSOLUTE
    ../fplib/microlib/fpmul.c                0x00000000   Number         0  dmul.o ABSOLUTE
    ../fplib/microlib/fpmul.c                0x00000000   Number         0  fmul.o ABSOLUTE
    ..\LLDrivers\src\stm32f1xx_ll_adc.c      0x00000000   Number         0  stm32f1xx_ll_adc.o ABSOLUTE
    ..\LLDrivers\src\stm32f1xx_ll_gpio.c     0x00000000   Number         0  stm32f1xx_ll_gpio.o ABSOLUTE
    ..\LLDrivers\src\stm32f1xx_ll_rcc.c      0x00000000   Number         0  stm32f1xx_ll_rcc.o ABSOLUTE
    ..\LLDrivers\src\stm32f1xx_ll_tim.c      0x00000000   Number         0  stm32f1xx_ll_tim.o ABSOLUTE
    ..\LLDrivers\src\stm32f1xx_ll_utils.c    0x00000000   Number         0  stm32f1xx_ll_utils.o ABSOLUTE
    ..\MyDrivers\ADC.c                       0x00000000   Number         0  adc.o ABSOLUTE
    ..\MyDrivers\Encoder.c                   0x00000000   Number         0  encoder.o ABSOLUTE
    ..\MyDrivers\MyTimer.c                   0x00000000   Number         0  mytimer.o ABSOLUTE
    ..\MyDrivers\PWM.c                       0x00000000   Number         0  pwm.o ABSOLUTE
    ..\Services\AntiChavirement.c            0x00000000   Number         0  antichavirement.o ABSOLUTE
    ..\Services\BordageAutomatique.c         0x00000000   Number         0  bordageautomatique.o ABSOLUTE
    ..\Services\Cap.c                        0x00000000   Number         0  cap.o ABSOLUTE
    ..\Services\TestsUnitaires.c             0x00000000   Number         0  testsunitaires.o ABSOLUTE
    ..\Src\main.c                            0x00000000   Number         0  main.o ABSOLUTE
    ..\Src\system_stm32f1xx.c                0x00000000   Number         0  system_stm32f1xx.o ABSOLUTE
    ..\\LLDrivers\\src\\stm32f1xx_ll_adc.c   0x00000000   Number         0  stm32f1xx_ll_adc.o ABSOLUTE
    ..\\LLDrivers\\src\\stm32f1xx_ll_gpio.c  0x00000000   Number         0  stm32f1xx_ll_gpio.o ABSOLUTE
    ..\\LLDrivers\\src\\stm32f1xx_ll_rcc.c   0x00000000   Number         0  stm32f1xx_ll_rcc.o ABSOLUTE
    ..\\LLDrivers\\src\\stm32f1xx_ll_tim.c   0x00000000   Number         0  stm32f1xx_ll_tim.o ABSOLUTE
    ..\\LLDrivers\\src\\stm32f1xx_ll_utils.c 0x00000000   Number         0  stm32f1xx_ll_utils.o ABSOLUTE
    ..\\MyDrivers\\ADC.c                     0x00000000   Number         0  adc.o ABSOLUTE
    ..\\MyDrivers\\Encoder.c                 0x00000000   Number         0  encoder.o ABSOLUTE
    ..\\MyDrivers\\MyTimer.c                 0x00000000   Number         0  mytimer.o ABSOLUTE
    ..\\MyDrivers\\PWM.c                     0x00000000   Number         0  pwm.o ABSOLUTE
    ..\\Services\\AntiChavirement.c          0x00000000   Number         0  antichavirement.o ABSOLUTE
    ..\\Services\\BordageAutomatique.c       0x00000000   Number         0  bordageautomatique.o ABSOLUTE
    ..\\Services\\Cap.c                      0x00000000   Number         0  cap.o ABSOLUTE
    ..\\Services\\TestsUnitaires.c           0x00000000   Number         0  testsunitaires.o ABSOLUTE
    cdcmple.s                                0x00000000   Number         0  cdcmple.o ABSOLUTE
    cdrcmple.s                               0x00000000   Number         0  cdrcmple.o ABSOLUTE
    cfcmple.s                                0x00000000   Number         0  cfcmple.o ABSOLUTE
    dc.s                                     0x00000000   Number         0  dc.o ABSOLUTE
    handlers.s                               0x00000000   Number         0  handlers.o ABSOLUTE
    init.s                                   0x00000000   Number         0  init.o ABSOLUTE
    startup_stm32f103xb.s                    0x00000000   Number         0  startup_stm32f103xb.o ABSOLUTE
    RESET                                    0x08000000   Section      236  startup_stm32f103xb.o(RESET)
    .ARM.Collect$$$$00000000                 0x080000ec   Section        0  entry.o(.ARM.Collect$$$$00000000)
    .ARM.Collect$$$$00000001                 0x080000ec   Section        4  entry2.o(.ARM.Collect$$$$00000001)
    .ARM.Collect$$$$00000004                 0x080000f0   Section        4  entry5.o(.ARM.Collect$$$$00000004)
    .ARM.Collect$$$$00000008                 0x080000f4   Section        0  entry7b.o(.ARM.Collect$$$$00000008)
    .ARM.Collect$$$$0000000A                 0x080000f4   Section        0  entry8b.o(.ARM.Collect$$$$0000000A)
    .ARM.Collect$$$$0000000B                 0x080000f4   Section        8  entry9a.o(.ARM.Collect$$$$0000000B)
    .ARM.Collect$$$$0000000E                 0x080000fc   Section        4  entry12b.o(.ARM.Collect$$$$0000000E)
    .ARM.Collect$$$$0000000F                 0x08000100   Section        0  entry10a.o(.ARM.Collect$$$$0000000F)
    .ARM.Collect$$$$00000011                 0x08000100   Section        0  entry11a.o(.ARM.Collect$$$$00000011)
    .ARM.Collect$$$$00002712                 0x08000100   Section        4  entry2.o(.ARM.Collect$$$$00002712)
    __lit__00000000                          0x08000100   Data           4  entry2.o(.ARM.Collect$$$$00002712)
    .text                                    0x08000104   Section       36  startup_stm32f103xb.o(.text)
    .text                                    0x08000128   Section        0  fadd.o(.text)
    .text                                    0x080001d8   Section        0  fmul.o(.text)
    .text                                    0x0800023c   Section        0  fdiv.o(.text)
    .text                                    0x080002b8   Section        0  dadd.o(.text)
    .text                                    0x08000406   Section        0  dmul.o(.text)
    .text                                    0x080004ea   Section        0  ddiv.o(.text)
    .text                                    0x080005c8   Section        0  dfltui.o(.text)
    .text                                    0x080005e2   Section        0  ffixui.o(.text)
    .text                                    0x0800060a   Section        0  f2d.o(.text)
    .text                                    0x08000630   Section       48  cdcmple.o(.text)
    .text                                    0x08000660   Section       48  cdrcmple.o(.text)
    .text                                    0x08000690   Section        0  d2f.o(.text)
    .text                                    0x080006c8   Section       20  cfcmple.o(.text)
    .text                                    0x080006dc   Section        0  llshl.o(.text)
    .text                                    0x080006fa   Section        0  llsshr.o(.text)
    .text                                    0x0800071e   Section        0  iusefp.o(.text)
    .text                                    0x0800071e   Section        0  fepilogue.o(.text)
    .text                                    0x0800078c   Section        0  depilogue.o(.text)
    .text                                    0x08000848   Section       36  init.o(.text)
    .text                                    0x0800086c   Section        0  llushr.o(.text)
    i.ADC1_2_IRQHandler                      0x0800088c   Section        0  adc.o(i.ADC1_2_IRQHandler)
    i.AsservBordage                          0x080008b4   Section        0  bordageautomatique.o(i.AsservBordage)
    i.Calcul_Impulsion                       0x080008d8   Section        0  encoder.o(i.Calcul_Impulsion)
    i.Calcul_Theta                           0x08000900   Section        0  encoder.o(i.Calcul_Theta)
    i.Conf_ADC                               0x08000990   Section        0  adc.o(i.Conf_ADC)
    i.Conf_IO_ADC                            0x08000a88   Section        0  adc.o(i.Conf_IO_ADC)
    i.Conf_IO_Girouette                      0x08000ac8   Section        0  encoder.o(i.Conf_IO_Girouette)
    i.Conf_IO_Servomoteur                    0x08000b10   Section        0  pwm.o(i.Conf_IO_Servomoteur)
    i.ConfigBordage                          0x08000b54   Section        0  bordageautomatique.o(i.ConfigBordage)
    i.ConfigChavirement                      0x08000b88   Section        0  antichavirement.o(i.ConfigChavirement)
    i.DectectionAngleRoulis                  0x08000b9c   Section        0  antichavirement.o(i.DectectionAngleRoulis)
    i.Detection_Angle0                       0x08000ba4   Section        0  encoder.o(i.Detection_Angle0)
    i.Enable_ADC                             0x08000bc8   Section        0  adc.o(i.Enable_ADC)
    i.Envoi_Impulsion                        0x08000be0   Section        0  pwm.o(i.Envoi_Impulsion)
    i.LL_ADC_IsEnabled                       0x08000bfc   Section        0  stm32f1xx_ll_adc.o(i.LL_ADC_IsEnabled)
    LL_ADC_IsEnabled                         0x08000bfd   Thumb Code    10  stm32f1xx_ll_adc.o(i.LL_ADC_IsEnabled)
    i.LL_ADC_REG_Init                        0x08000c08   Section        0  stm32f1xx_ll_adc.o(i.LL_ADC_REG_Init)
    i.LL_ADC_REG_StructInit                  0x08000e00   Section        0  stm32f1xx_ll_adc.o(i.LL_ADC_REG_StructInit)
    i.LL_APB1_GRP1_EnableClock               0x08000e14   Section        0  mytimer.o(i.LL_APB1_GRP1_EnableClock)
    LL_APB1_GRP1_EnableClock                 0x08000e15   Thumb Code    24  mytimer.o(i.LL_APB1_GRP1_EnableClock)
    i.LL_APB2_GRP1_EnableClock               0x08000e30   Section        0  pwm.o(i.LL_APB2_GRP1_EnableClock)
    LL_APB2_GRP1_EnableClock                 0x08000e31   Thumb Code    24  pwm.o(i.LL_APB2_GRP1_EnableClock)
    i.LL_APB2_GRP1_EnableClock               0x08000e4c   Section        0  adc.o(i.LL_APB2_GRP1_EnableClock)
    LL_APB2_GRP1_EnableClock                 0x08000e4d   Thumb Code    24  adc.o(i.LL_APB2_GRP1_EnableClock)
    i.LL_GPIO_SetPinMode                     0x08000e68   Section        0  encoder.o(i.LL_GPIO_SetPinMode)
    LL_GPIO_SetPinMode                       0x08000e69   Thumb Code    44  encoder.o(i.LL_GPIO_SetPinMode)
    i.LL_Init1msTick                         0x08000e94   Section        0  stm32f1xx_ll_utils.o(i.LL_Init1msTick)
    i.LL_SetSystemCoreClock                  0x08000eb0   Section        0  stm32f1xx_ll_utils.o(i.LL_SetSystemCoreClock)
    i.LL_TIM_ENCODER_Init                    0x08000ebc   Section        0  stm32f1xx_ll_tim.o(i.LL_TIM_ENCODER_Init)
    i.LL_TIM_ENCODER_StructInit              0x0800116c   Section        0  stm32f1xx_ll_tim.o(i.LL_TIM_ENCODER_StructInit)
    i.LL_TIM_Init                            0x08001190   Section        0  stm32f1xx_ll_tim.o(i.LL_TIM_Init)
    i.LL_TIM_OC_Init                         0x080012a4   Section        0  stm32f1xx_ll_tim.o(i.LL_TIM_OC_Init)
    i.LL_TIM_OC_SetCompareCH2                0x08001300   Section        0  cap.o(i.LL_TIM_OC_SetCompareCH2)
    LL_TIM_OC_SetCompareCH2                  0x08001301   Thumb Code     4  cap.o(i.LL_TIM_OC_SetCompareCH2)
    i.LL_TIM_OC_SetCompareCH2                0x08001304   Section        0  stm32f1xx_ll_tim.o(i.LL_TIM_OC_SetCompareCH2)
    LL_TIM_OC_SetCompareCH2                  0x08001305   Thumb Code     4  stm32f1xx_ll_tim.o(i.LL_TIM_OC_SetCompareCH2)
    i.LL_TIM_OC_StructInit                   0x08001308   Section        0  stm32f1xx_ll_tim.o(i.LL_TIM_OC_StructInit)
    i.MyTimer_Conf                           0x0800131c   Section        0  mytimer.o(i.MyTimer_Conf)
    i.MyTimer_Reset                          0x080013b4   Section        0  mytimer.o(i.MyTimer_Reset)
    i.MyTimer_Start                          0x080013bc   Section        0  mytimer.o(i.MyTimer_Start)
    i.OC1Config                              0x080013cc   Section        0  stm32f1xx_ll_tim.o(i.OC1Config)
    OC1Config                                0x080013cd   Thumb Code   354  stm32f1xx_ll_tim.o(i.OC1Config)
    i.OC2Config                              0x08001560   Section        0  stm32f1xx_ll_tim.o(i.OC2Config)
    OC2Config                                0x08001561   Thumb Code   356  stm32f1xx_ll_tim.o(i.OC2Config)
    i.OC3Config                              0x080016f4   Section        0  stm32f1xx_ll_tim.o(i.OC3Config)
    OC3Config                                0x080016f5   Thumb Code   354  stm32f1xx_ll_tim.o(i.OC3Config)
    i.OC4Config                              0x08001888   Section        0  stm32f1xx_ll_tim.o(i.OC4Config)
    OC4Config                                0x08001889   Thumb Code   324  stm32f1xx_ll_tim.o(i.OC4Config)
    i.RelachementVoile                       0x080019fc   Section        0  antichavirement.o(i.RelachementVoile)
    i.SysTick_Handler                        0x08001a18   Section        0  main.o(i.SysTick_Handler)
    i.SystemClock_Config                     0x08001a98   Section        0  main.o(i.SystemClock_Config)
    i.SystemInit                             0x08001b88   Section        0  system_stm32f1xx.o(i.SystemInit)
    i.TIM4_IRQHandler                        0x08001be0   Section        0  cap.o(i.TIM4_IRQHandler)
    i.Timer_Conf_Encoder                     0x08001c00   Section        0  encoder.o(i.Timer_Conf_Encoder)
    i.Timer_Conf_PWM                         0x08001c48   Section        0  pwm.o(i.Timer_Conf_PWM)
    i.__scatterload_copy                     0x08001c96   Section       14  handlers.o(i.__scatterload_copy)
    i.__scatterload_null                     0x08001ca4   Section        2  handlers.o(i.__scatterload_null)
    i.__scatterload_zeroinit                 0x08001ca6   Section       14  handlers.o(i.__scatterload_zeroinit)
    i.assert_failed                          0x08001cb4   Section        0  main.o(i.assert_failed)
    i.controle_moteur                        0x08001cb8   Section        0  cap.o(i.controle_moteur)
    i.get_info_RF                            0x08001d30   Section        0  cap.o(i.get_info_RF)
    i.main                                   0x08001e04   Section        0  main.o(i.main)
    .data                                    0x20000000   Section       12  main.o(.data)
    .data                                    0x2000000c   Section        8  adc.o(.data)
    .data                                    0x20000014   Section        4  system_stm32f1xx.o(.data)
    STACK                                    0x20000018   Section     1024  startup_stm32f103xb.o(STACK)

    Global Symbols

    Symbol Name                              Value     Ov Type        Size  Object(Section)

    BuildAttributes$$THM_ISAv4$P$D$K$B$S$PE$A:L22UL41UL21$X:L11$S22US41US21$IEEE1$IW$USESV6$~STKCKD$USESV7$~SHL$OTIME$ROPI$EBA8$MICROLIB$REQ8$PRES8$EABIv2 0x00000000   Number         0  anon$$obj.o ABSOLUTE
    __ARM_use_no_argv                        0x00000000   Number         0  main.o ABSOLUTE
    __arm_fini_                               - Undefined Weak Reference
    __cpp_initialize__aeabi_                  - Undefined Weak Reference
    __cxa_finalize                            - Undefined Weak Reference
    __decompress                              - Undefined Weak Reference
    _clock_init                               - Undefined Weak Reference
    _microlib_exit                            - Undefined Weak Reference
    __Vectors_Size                           0x000000ec   Number         0  startup_stm32f103xb.o ABSOLUTE
    __Vectors                                0x08000000   Data           4  startup_stm32f103xb.o(RESET)
    __Vectors_End                            0x080000ec   Data           0  startup_stm32f103xb.o(RESET)
    __main                                   0x080000ed   Thumb Code     0  entry.o(.ARM.Collect$$$$00000000)
    _main_stk                                0x080000ed   Thumb Code     0  entry2.o(.ARM.Collect$$$$00000001)
    _main_scatterload                        0x080000f1   Thumb Code     0  entry5.o(.ARM.Collect$$$$00000004)
    __main_after_scatterload                 0x080000f5   Thumb Code     0  entry5.o(.ARM.Collect$$$$00000004)
    _main_clock                              0x080000f5   Thumb Code     0  entry7b.o(.ARM.Collect$$$$00000008)
    _main_cpp_init                           0x080000f5   Thumb Code     0  entry8b.o(.ARM.Collect$$$$0000000A)
    _main_init                               0x080000f5   Thumb Code     0  entry9a.o(.ARM.Collect$$$$0000000B)
    __rt_lib_shutdown_fini                   0x080000fd   Thumb Code     0  entry12b.o(.ARM.Collect$$$$0000000E)
    __rt_final_cpp                           0x08000101   Thumb Code     0  entry10a.o(.ARM.Collect$$$$0000000F)
    __rt_final_exit                          0x08000101   Thumb Code     0  entry11a.o(.ARM.Collect$$$$00000011)
    Reset_Handler                            0x08000105   Thumb Code     8  startup_stm32f103xb.o(.text)
    NMI_Handler                              0x0800010d   Thumb Code     2  startup_stm32f103xb.o(.text)
    HardFault_Handler                        0x0800010f   Thumb Code     2  startup_stm32f103xb.o(.text)
    MemManage_Handler                        0x08000111   Thumb Code     2  startup_stm32f103xb.o(.text)
    BusFault_Handler                         0x08000113   Thumb Code     2  startup_stm32f103xb.o(.text)
    UsageFault_Handler                       0x08000115   Thumb Code     2  startup_stm32f103xb.o(.text)
    SVC_Handler                              0x08000117   Thumb Code     2  startup_stm32f103xb.o(.text)
    DebugMon_Handler                         0x08000119   Thumb Code     2  startup_stm32f103xb.o(.text)
    PendSV_Handler                           0x0800011b   Thumb Code     2  startup_stm32f103xb.o(.text)
    CAN1_RX1_IRQHandler                      0x0800011f   Thumb Code     0  startup_stm32f103xb.o(.text)
    CAN1_SCE_IRQHandler                      0x0800011f   Thumb Code     0  startup_stm32f103xb.o(.text)
    DMA1_Channel1_IRQHandler                 0x0800011f   Thumb Code     0  startup_stm32f103xb.o(.text)
    DMA1_Channel2_IRQHandler                 0x0800011f   Thumb Code     0  startup_stm32f103xb.o(.text)
    DMA1_Channel3_IRQHandler                 0x0800011f   Thumb Code     0  startup_stm32f103xb.o(.text)
    DMA1_Channel4_IRQHandler                 0x0800011f   Thumb Code     0  startup_stm32f103xb.o(.text)
    DMA1_Channel5_IRQHandler                 0x0800011f   Thumb Code     0  startup_stm32f103xb.o(.text)
    DMA1_Channel6_IRQHandler                 0x0800011f   Thumb Code     0  startup_stm32f103xb.o(.text)
    DMA1_Channel7_IRQHandler                 0x0800011f   Thumb Code     0  startup_stm32f103xb.o(.text)
    EXTI0_IRQHandler                         0x0800011f   Thumb Code     0  startup_stm32f103xb.o(.text)
    EXTI15_10_IRQHandler                     0x0800011f   Thumb Code     0  startup_stm32f103xb.o(.text)
    EXTI1_IRQHandler                         0x0800011f   Thumb Code     0  startup_stm32f103xb.o(.text)
    EXTI2_IRQHandler                         0x0800011f   Thumb Code     0  startup_stm32f103xb.o(.text)
    EXTI3_IRQHandler                         0x0800011f   Thumb Code     0  startup_stm32f103xb.o(.text)
    EXTI4_IRQHandler                         0x0800011f   Thumb Code     0  startup_stm32f103xb.o(.text)
    EXTI9_5_IRQHandler                       0x0800011f   Thumb Code     0  startup_stm32f103xb.o(.text)
    FLASH_IRQHandler                         0x0800011f   Thumb Code     0  startup_stm32f103xb.o(.text)
    I2C1_ER_IRQHandler                       0x0800011f   Thumb Code     0  startup_stm32f103xb.o(.text)
    I2C1_EV_IRQHandler                       0x0800011f   Thumb Code     0  startup_stm32f103xb.o(.text)
    I2C2_ER_IRQHandler                       0x0800011f   Thumb Code     0  startup_stm32f103xb.o(.text)
    I2C2_EV_IRQHandler                       0x0800011f   Thumb Code     0  startup_stm32f103xb.o(.text)
    PVD_IRQHandler                           0x0800011f   Thumb Code     0  startup_stm32f103xb.o(.text)
    RCC_IRQHandler                           0x0800011f   Thumb Code     0  startup_stm32f103xb.o(.text)
    RTC_Alarm_IRQHandler                     0x0800011f   Thumb Code     0  startup_stm32f103xb.o(.text)
    RTC_IRQHandler                           0x0800011f   Thumb Code     0  startup_stm32f103xb.o(.text)
    SPI1_IRQHandler                          0x0800011f   Thumb Code     0  startup_stm32f103xb.o(.text)
    SPI2_IRQHandler                          0x0800011f   Thumb Code     0  startup_stm32f103xb.o(.text)
    TAMPER_IRQHandler                        0x0800011f   Thumb Code     0  startup_stm32f103xb.o(.text)
    TIM1_BRK_IRQHandler                      0x0800011f   Thumb Code     0  startup_stm32f103xb.o(.text)
    TIM1_CC_IRQHandler                       0x0800011f   Thumb Code     0  startup_stm32f103xb.o(.text)
    TIM1_TRG_COM_IRQHandler                  0x0800011f   Thumb Code     0  startup_stm32f103xb.o(.text)
    TIM1_UP_IRQHandler                       0x0800011f   Thumb Code     0  startup_stm32f103xb.o(.text)
    TIM2_IRQHandler                          0x0800011f   Thumb Code     0  startup_stm32f103xb.o(.text)
    TIM3_IRQHandler                          0x0800011f   Thumb Code     0  startup_stm32f103xb.o(.text)
    USART1_IRQHandler                        0x0800011f   Thumb Code     0  startup_stm32f103xb.o(.text)
    USART2_IRQHandler                        0x0800011f   Thumb Code     0  startup_stm32f103xb.o(.text)
    USART3_IRQHandler                        0x0800011f   Thumb Code     0  startup_stm32f103xb.o(.text)
    USBWakeUp_IRQHandler                     0x0800011f   Thumb Code     0  startup_stm32f103xb.o(.text)
    USB_HP_CAN1_TX_IRQHandler                0x0800011f   Thumb Code     0  startup_stm32f103xb.o(.text)
    USB_LP_CAN1_RX0_IRQHandler               0x0800011f   Thumb Code     0  startup_stm32f103xb.o(.text)
    WWDG_IRQHandler                          0x0800011f   Thumb Code     0  startup_stm32f103xb.o(.text)
    __aeabi_fadd                             0x08000129   Thumb Code   164  fadd.o(.text)
    __aeabi_fsub                             0x080001cd   Thumb Code     6  fadd.o(.text)
    __aeabi_frsub                            0x080001d3   Thumb Code     6  fadd.o(.text)
    __aeabi_fmul                             0x080001d9   Thumb Code   100  fmul.o(.text)
    __aeabi_fdiv                             0x0800023d   Thumb Code   124  fdiv.o(.text)
    __aeabi_dadd                             0x080002b9   Thumb Code   322  dadd.o(.text)
    __aeabi_dsub                             0x080003fb   Thumb Code     6  dadd.o(.text)
    __aeabi_drsub                            0x08000401   Thumb Code     6  dadd.o(.text)
    __aeabi_dmul                             0x08000407   Thumb Code   228  dmul.o(.text)
    __aeabi_ddiv                             0x080004eb   Thumb Code   222  ddiv.o(.text)
    __aeabi_ui2d                             0x080005c9   Thumb Code    26  dfltui.o(.text)
    __aeabi_f2uiz                            0x080005e3   Thumb Code    40  ffixui.o(.text)
    __aeabi_f2d                              0x0800060b   Thumb Code    38  f2d.o(.text)
    __aeabi_cdcmpeq                          0x08000631   Thumb Code     0  cdcmple.o(.text)
    __aeabi_cdcmple                          0x08000631   Thumb Code    48  cdcmple.o(.text)
    __aeabi_cdrcmple                         0x08000661   Thumb Code    48  cdrcmple.o(.text)
    __aeabi_d2f                              0x08000691   Thumb Code    56  d2f.o(.text)
    __aeabi_cfcmpeq                          0x080006c9   Thumb Code     0  cfcmple.o(.text)
    __aeabi_cfcmple                          0x080006c9   Thumb Code    20  cfcmple.o(.text)
    __aeabi_llsl                             0x080006dd   Thumb Code    30  llshl.o(.text)
    _ll_shift_l                              0x080006dd   Thumb Code     0  llshl.o(.text)
    __aeabi_lasr                             0x080006fb   Thumb Code    36  llsshr.o(.text)
    _ll_sshift_r                             0x080006fb   Thumb Code     0  llsshr.o(.text)
    __I$use$fp                               0x0800071f   Thumb Code     0  iusefp.o(.text)
    _float_round                             0x0800071f   Thumb Code    18  fepilogue.o(.text)
    _float_epilogue                          0x08000731   Thumb Code    92  fepilogue.o(.text)
    _double_round                            0x0800078d   Thumb Code    30  depilogue.o(.text)
    _double_epilogue                         0x080007ab   Thumb Code   156  depilogue.o(.text)
    __scatterload                            0x08000849   Thumb Code    28  init.o(.text)
    __scatterload_rt2                        0x08000849   Thumb Code     0  init.o(.text)
    __aeabi_llsr                             0x0800086d   Thumb Code    32  llushr.o(.text)
    _ll_ushift_r                             0x0800086d   Thumb Code     0  llushr.o(.text)
    ADC1_2_IRQHandler                        0x0800088d   Thumb Code    26  adc.o(i.ADC1_2_IRQHandler)
    AsservBordage                            0x080008b5   Thumb Code    36  bordageautomatique.o(i.AsservBordage)
    Calcul_Impulsion                         0x080008d9   Thumb Code    32  encoder.o(i.Calcul_Impulsion)
    Calcul_Theta                             0x08000901   Thumb Code   132  encoder.o(i.Calcul_Theta)
    Conf_ADC                                 0x08000991   Thumb Code   222  adc.o(i.Conf_ADC)
    Conf_IO_ADC                              0x08000a89   Thumb Code    60  adc.o(i.Conf_IO_ADC)
    Conf_IO_Girouette                        0x08000ac9   Thumb Code    64  encoder.o(i.Conf_IO_Girouette)
    Conf_IO_Servomoteur                      0x08000b11   Thumb Code    58  pwm.o(i.Conf_IO_Servomoteur)
    ConfigBordage                            0x08000b55   Thumb Code    50  bordageautomatique.o(i.ConfigBordage)
    ConfigChavirement                        0x08000b89   Thumb Code    14  antichavirement.o(i.ConfigChavirement)
    DectectionAngleRoulis                    0x08000b9d   Thumb Code     8  antichavirement.o(i.DectectionAngleRoulis)
    Detection_Angle0                         0x08000ba5   Thumb Code    32  encoder.o(i.Detection_Angle0)
    Enable_ADC                               0x08000bc9   Thumb Code    18  adc.o(i.Enable_ADC)
    Envoi_Impulsion                          0x08000be1   Thumb Code    24  pwm.o(i.Envoi_Impulsion)
    LL_ADC_REG_Init                          0x08000c09   Thumb Code   454  stm32f1xx_ll_adc.o(i.LL_ADC_REG_Init)
    LL_ADC_REG_StructInit                    0x08000e01   Thumb Code    18  stm32f1xx_ll_adc.o(i.LL_ADC_REG_StructInit)
    LL_Init1msTick                           0x08000e95   Thumb Code    28  stm32f1xx_ll_utils.o(i.LL_Init1msTick)
    LL_SetSystemCoreClock                    0x08000eb1   Thumb Code     6  stm32f1xx_ll_utils.o(i.LL_SetSystemCoreClock)
    LL_TIM_ENCODER_Init                      0x08000ebd   Thumb Code   640  stm32f1xx_ll_tim.o(i.LL_TIM_ENCODER_Init)
    LL_TIM_ENCODER_StructInit                0x0800116d   Thumb Code    36  stm32f1xx_ll_tim.o(i.LL_TIM_ENCODER_StructInit)
    LL_TIM_Init                              0x08001191   Thumb Code   228  stm32f1xx_ll_tim.o(i.LL_TIM_Init)
    LL_TIM_OC_Init                           0x080012a5   Thumb Code    92  stm32f1xx_ll_tim.o(i.LL_TIM_OC_Init)
    LL_TIM_OC_StructInit                     0x08001309   Thumb Code    20  stm32f1xx_ll_tim.o(i.LL_TIM_OC_StructInit)
    MyTimer_Conf                             0x0800131d   Thumb Code   140  mytimer.o(i.MyTimer_Conf)
    MyTimer_Reset                            0x080013b5   Thumb Code     8  mytimer.o(i.MyTimer_Reset)
    MyTimer_Start                            0x080013bd   Thumb Code    14  mytimer.o(i.MyTimer_Start)
    RelachementVoile                         0x080019fd   Thumb Code    20  antichavirement.o(i.RelachementVoile)
    SysTick_Handler                          0x08001a19   Thumb Code   104  main.o(i.SysTick_Handler)
    SystemClock_Config                       0x08001a99   Thumb Code   226  main.o(i.SystemClock_Config)
    SystemInit                               0x08001b89   Thumb Code    70  system_stm32f1xx.o(i.SystemInit)
    TIM4_IRQHandler                          0x08001be1   Thumb Code    26  cap.o(i.TIM4_IRQHandler)
    Timer_Conf_Encoder                       0x08001c01   Thumb Code    62  encoder.o(i.Timer_Conf_Encoder)
    Timer_Conf_PWM                           0x08001c49   Thumb Code    78  pwm.o(i.Timer_Conf_PWM)
    __scatterload_copy                       0x08001c97   Thumb Code    14  handlers.o(i.__scatterload_copy)
    __scatterload_null                       0x08001ca5   Thumb Code     2  handlers.o(i.__scatterload_null)
    __scatterload_zeroinit                   0x08001ca7   Thumb Code    14  handlers.o(i.__scatterload_zeroinit)
    assert_failed                            0x08001cb5   Thumb Code     4  main.o(i.assert_failed)
    controle_moteur                          0x08001cb9   Thumb Code   106  cap.o(i.controle_moteur)
    get_info_RF                              0x08001d31   Thumb Code   192  cap.o(i.get_info_RF)
    main                                     0x08001e05   Thumb Code    36  main.o(i.main)
    Region$$Table$$Base                      0x08001e30   Number         0  anon$$obj.o(Region$$Table)
    Region$$Table$$Limit                     0x08001e50   Number         0  anon$$obj.o(Region$$Table)
    delayADC                                 0x20000000   Data           4  main.o(.data)
    delayPWM                                 0x20000004   Data           4  main.o(.data)
    delayChavirement                         0x20000008   Data           4  main.o(.data)
    Ptr_ItFct_ADC                            0x2000000c   Data           4  adc.o(.data)
    chavirement                              0x20000010   Data           4  adc.o(.data)
    SystemCoreClock                          0x20000014   Data           4  system_stm32f1xx.o(.data)
    __initial_sp                             0x20000418   Data           0  startup_stm32f103xb.o(STACK)



==============================================================================

Memory Map of the image

  Image Entry point : 0x080000ed

  Load Region LR_IROM1 (Base: 0x08000000, Size: 0x00001e68, Max: 0x00020000, ABSOLUTE)

    Execution Region ER_IROM1 (Exec base: 0x08000000, Load base: 0x08000000, Size: 0x00001e50, Max: 0x00020000, ABSOLUTE)

    Exec Addr    Load Addr    Size         Type   Attr      Idx    E Section Name        Object

    0x08000000   0x08000000   0x000000ec   Data   RO         1112    RESET               startup_stm32f103xb.o
    0x080000ec   0x080000ec   0x00000000   Code   RO         1117  * .ARM.Collect$$$$00000000  mc_w.l(entry.o)
    0x080000ec   0x080000ec   0x00000004   Code   RO         1146    .ARM.Collect$$$$00000001  mc_w.l(entry2.o)
    0x080000f0   0x080000f0   0x00000004   Code   RO         1149    .ARM.Collect$$$$00000004  mc_w.l(entry5.o)
    0x080000f4   0x080000f4   0x00000000   Code   RO         1151    .ARM.Collect$$$$00000008  mc_w.l(entry7b.o)
    0x080000f4   0x080000f4   0x00000000   Code   RO         1153    .ARM.Collect$$$$0000000A  mc_w.l(entry8b.o)
    0x080000f4   0x080000f4   0x00000008   Code   RO         1154    .ARM.Collect$$$$0000000B  mc_w.l(entry9a.o)
    0x080000fc   0x080000fc   0x00000004   Code   RO         1161    .ARM.Collect$$$$0000000E  mc_w.l(entry12b.o)
    0x08000100   0x08000100   0x00000000   Code   RO         1156    .ARM.Collect$$$$0000000F  mc_w.l(entry10a.o)
    0x08000100   0x08000100   0x00000000   Code   RO         1158    .ARM.Collect$$$$00000011  mc_w.l(entry11a.o)
    0x08000100   0x08000100   0x00000004   Code   RO         1147    .ARM.Collect$$$$00002712  mc_w.l(entry2.o)
    0x08000104   0x08000104   0x00000024   Code   RO         1113    .text               startup_stm32f103xb.o
    0x08000128   0x08000128   0x000000b0   Code   RO         1120    .text               mf_w.l(fadd.o)
    0x080001d8   0x080001d8   0x00000064   Code   RO         1122    .text               mf_w.l(fmul.o)
    0x0800023c   0x0800023c   0x0000007c   Code   RO         1124    .text               mf_w.l(fdiv.o)
    0x080002b8   0x080002b8   0x0000014e   Code   RO         1126    .text               mf_w.l(dadd.o)
    0x08000406   0x08000406   0x000000e4   Code   RO         1128    .text               mf_w.l(dmul.o)
    0x080004ea   0x080004ea   0x000000de   Code   RO         1130    .text               mf_w.l(ddiv.o)
    0x080005c8   0x080005c8   0x0000001a   Code   RO         1132    .text               mf_w.l(dfltui.o)
    0x080005e2   0x080005e2   0x00000028   Code   RO         1134    .text               mf_w.l(ffixui.o)
    0x0800060a   0x0800060a   0x00000026   Code   RO         1136    .text               mf_w.l(f2d.o)
    0x08000630   0x08000630   0x00000030   Code   RO         1138    .text               mf_w.l(cdcmple.o)
    0x08000660   0x08000660   0x00000030   Code   RO         1140    .text               mf_w.l(cdrcmple.o)
    0x08000690   0x08000690   0x00000038   Code   RO         1142    .text               mf_w.l(d2f.o)
    0x080006c8   0x080006c8   0x00000014   Code   RO         1144    .text               mf_w.l(cfcmple.o)
    0x080006dc   0x080006dc   0x0000001e   Code   RO         1162    .text               mc_w.l(llshl.o)
    0x080006fa   0x080006fa   0x00000024   Code   RO         1164    .text               mc_w.l(llsshr.o)
    0x0800071e   0x0800071e   0x00000000   Code   RO         1166    .text               mc_w.l(iusefp.o)
    0x0800071e   0x0800071e   0x0000006e   Code   RO         1167    .text               mf_w.l(fepilogue.o)
    0x0800078c   0x0800078c   0x000000ba   Code   RO         1169    .text               mf_w.l(depilogue.o)
    0x08000846   0x08000846   0x00000002   PAD
    0x08000848   0x08000848   0x00000024   Code   RO         1171    .text               mc_w.l(init.o)
    0x0800086c   0x0800086c   0x00000020   Code   RO         1173    .text               mc_w.l(llushr.o)
    0x0800088c   0x0800088c   0x00000028   Code   RO          481    i.ADC1_2_IRQHandler  adc.o
    0x080008b4   0x080008b4   0x00000024   Code   RO          106    i.AsservBordage     bordageautomatique.o
    0x080008d8   0x080008d8   0x00000028   Code   RO          541    i.Calcul_Impulsion  encoder.o
    0x08000900   0x08000900   0x00000090   Code   RO          542    i.Calcul_Theta      encoder.o
    0x08000990   0x08000990   0x000000f8   Code   RO          482    i.Conf_ADC          adc.o
    0x08000a88   0x08000a88   0x00000040   Code   RO          483    i.Conf_IO_ADC       adc.o
    0x08000ac8   0x08000ac8   0x00000048   Code   RO          543    i.Conf_IO_Girouette  encoder.o
    0x08000b10   0x08000b10   0x00000044   Code   RO          432    i.Conf_IO_Servomoteur  pwm.o
    0x08000b54   0x08000b54   0x00000032   Code   RO          107    i.ConfigBordage     bordageautomatique.o
    0x08000b86   0x08000b86   0x00000002   PAD
    0x08000b88   0x08000b88   0x00000014   Code   RO          136    i.ConfigChavirement  antichavirement.o
    0x08000b9c   0x08000b9c   0x00000008   Code   RO          137    i.DectectionAngleRoulis  antichavirement.o
    0x08000ba4   0x08000ba4   0x00000024   Code   RO          544    i.Detection_Angle0  encoder.o
    0x08000bc8   0x08000bc8   0x00000018   Code   RO          484    i.Enable_ADC        adc.o
    0x08000be0   0x08000be0   0x0000001c   Code   RO          433    i.Envoi_Impulsion   pwm.o
    0x08000bfc   0x08000bfc   0x0000000a   Code   RO          997    i.LL_ADC_IsEnabled  stm32f1xx_ll_adc.o
    0x08000c06   0x08000c06   0x00000002   PAD
    0x08000c08   0x08000c08   0x000001f8   Code   RO          998    i.LL_ADC_REG_Init   stm32f1xx_ll_adc.o
    0x08000e00   0x08000e00   0x00000012   Code   RO          999    i.LL_ADC_REG_StructInit  stm32f1xx_ll_adc.o
    0x08000e12   0x08000e12   0x00000002   PAD
    0x08000e14   0x08000e14   0x0000001c   Code   RO          383    i.LL_APB1_GRP1_EnableClock  mytimer.o
    0x08000e30   0x08000e30   0x0000001c   Code   RO          434    i.LL_APB2_GRP1_EnableClock  pwm.o
    0x08000e4c   0x08000e4c   0x0000001c   Code   RO          485    i.LL_APB2_GRP1_EnableClock  adc.o
    0x08000e68   0x08000e68   0x0000002c   Code   RO          545    i.LL_GPIO_SetPinMode  encoder.o
    0x08000e94   0x08000e94   0x0000001c   Code   RO          682    i.LL_Init1msTick    stm32f1xx_ll_utils.o
    0x08000eb0   0x08000eb0   0x0000000c   Code   RO          689    i.LL_SetSystemCoreClock  stm32f1xx_ll_utils.o
    0x08000ebc   0x08000ebc   0x000002b0   Code   RO          788    i.LL_TIM_ENCODER_Init  stm32f1xx_ll_tim.o
    0x0800116c   0x0800116c   0x00000024   Code   RO          789    i.LL_TIM_ENCODER_StructInit  stm32f1xx_ll_tim.o
    0x08001190   0x08001190   0x00000114   Code   RO          794    i.LL_TIM_Init       stm32f1xx_ll_tim.o
    0x080012a4   0x080012a4   0x0000005c   Code   RO          795    i.LL_TIM_OC_Init    stm32f1xx_ll_tim.o
    0x08001300   0x08001300   0x00000004   Code   RO          178    i.LL_TIM_OC_SetCompareCH2  cap.o
    0x08001304   0x08001304   0x00000004   Code   RO          796    i.LL_TIM_OC_SetCompareCH2  stm32f1xx_ll_tim.o
    0x08001308   0x08001308   0x00000014   Code   RO          797    i.LL_TIM_OC_StructInit  stm32f1xx_ll_tim.o
    0x0800131c   0x0800131c   0x00000098   Code   RO          384    i.MyTimer_Conf      mytimer.o
    0x080013b4   0x080013b4   0x00000008   Code   RO          385    i.MyTimer_Reset     mytimer.o
    0x080013bc   0x080013bc   0x0000000e   Code   RO          386    i.MyTimer_Start     mytimer.o
    0x080013ca   0x080013ca   0x00000002   PAD
    0x080013cc   0x080013cc   0x00000194   Code   RO          799    i.OC1Config         stm32f1xx_ll_tim.o
    0x08001560   0x08001560   0x00000194   Code   RO          800    i.OC2Config         stm32f1xx_ll_tim.o
    0x080016f4   0x080016f4   0x00000194   Code   RO          801    i.OC3Config         stm32f1xx_ll_tim.o
    0x08001888   0x08001888   0x00000174   Code   RO          802    i.OC4Config         stm32f1xx_ll_tim.o
    0x080019fc   0x080019fc   0x0000001c   Code   RO          138    i.RelachementVoile  antichavirement.o
    0x08001a18   0x08001a18   0x00000080   Code   RO            4    i.SysTick_Handler   main.o
    0x08001a98   0x08001a98   0x000000f0   Code   RO            5    i.SystemClock_Config  main.o
    0x08001b88   0x08001b88   0x00000058   Code   RO         1077    i.SystemInit        system_stm32f1xx.o
    0x08001be0   0x08001be0   0x00000020   Code   RO          181    i.TIM4_IRQHandler   cap.o
    0x08001c00   0x08001c00   0x00000048   Code   RO          546    i.Timer_Conf_Encoder  encoder.o
    0x08001c48   0x08001c48   0x0000004e   Code   RO          435    i.Timer_Conf_PWM    pwm.o
    0x08001c96   0x08001c96   0x0000000e   Code   RO         1177    i.__scatterload_copy  mc_w.l(handlers.o)
    0x08001ca4   0x08001ca4   0x00000002   Code   RO         1178    i.__scatterload_null  mc_w.l(handlers.o)
    0x08001ca6   0x08001ca6   0x0000000e   Code   RO         1179    i.__scatterload_zeroinit  mc_w.l(handlers.o)
    0x08001cb4   0x08001cb4   0x00000004   Code   RO            6    i.assert_failed     main.o
    0x08001cb8   0x08001cb8   0x00000078   Code   RO          183    i.controle_moteur   cap.o
    0x08001d30   0x08001d30   0x000000d4   Code   RO          186    i.get_info_RF       cap.o
    0x08001e04   0x08001e04   0x0000002c   Code   RO            7    i.main              main.o
    0x08001e30   0x08001e30   0x00000020   Data   RO         1175    Region$$Table       anon$$obj.o


    Execution Region RW_IRAM1 (Exec base: 0x20000000, Load base: 0x08001e50, Size: 0x00000418, Max: 0x00005000, ABSOLUTE)

    Exec Addr    Load Addr    Size         Type   Attr      Idx    E Section Name        Object

    0x20000000   0x08001e50   0x0000000c   Data   RW            8    .data               main.o
    0x2000000c   0x08001e5c   0x00000008   Data   RW          486    .data               adc.o
    0x20000014   0x08001e64   0x00000004   Data   RW         1079    .data               system_stm32f1xx.o
    0x20000018        -       0x00000400   Zero   RW         1110    STACK               startup_stm32f103xb.o


==============================================================================

Image component sizes


      Code (inc. data)   RO Data    RW Data    ZI Data      Debug   Object Name

       404         54          0          8          0      60025   adc.o
        56         14          0          0          0       1523   antichavirement.o
        86          0          0          0          0       1660   bordageautomatique.o
       368         40          0          0          0      36658   cap.o
       408         42          0          0          0      12026   encoder.o
       416         46          0         12          0     357431   main.o
       202         16          0          0          0      29635   mytimer.o
       202         18          0          0          0      34793   pwm.o
        36          8        236          0       1024        804   startup_stm32f103xb.o
       532         50          0          0          0      38018   stm32f1xx_ll_adc.o
      2700        292          0          0          0      36268   stm32f1xx_ll_tim.o
        40          6          0          0          0       2177   stm32f1xx_ll_utils.o
        88         18          0          4          0       1243   system_stm32f1xx.o
         0          0          0          0          0      23996   testsunitaires.o

    ----------------------------------------------------------------------
      5546        604        268         24       1024     636257   Object Totals
         0          0         32          0          0          0   (incl. Generated)
         8          0          0          0          0          0   (incl. Padding)

    ----------------------------------------------------------------------

      Code (inc. data)   RO Data    RW Data    ZI Data      Debug   Library Member Name

         0          0          0          0          0          0   entry.o
         0          0          0          0          0          0   entry10a.o
         0          0          0          0          0          0   entry11a.o
         4          0          0          0          0          0   entry12b.o
         8          4          0          0          0          0   entry2.o
         4          0          0          0          0          0   entry5.o
         0          0          0          0          0          0   entry7b.o
         0          0          0          0          0          0   entry8b.o
         8          4          0          0          0          0   entry9a.o
        30          0          0          0          0          0   handlers.o
        36          8          0          0          0         68   init.o
         0          0          0          0          0          0   iusefp.o
        30          0          0          0          0         68   llshl.o
        36          0          0          0          0         68   llsshr.o
        32          0          0          0          0         68   llushr.o
        48          0          0          0          0         68   cdcmple.o
        48          0          0          0          0         68   cdrcmple.o
        20          0          0          0          0         68   cfcmple.o
        56          0          0          0          0         88   d2f.o
       334          0          0          0          0        148   dadd.o
       222          0          0          0          0        100   ddiv.o
       186          0          0          0          0        176   depilogue.o
        26          0          0          0          0         76   dfltui.o
       228          0          0          0          0         96   dmul.o
        38          0          0          0          0         68   f2d.o
       176          0          0          0          0        140   fadd.o
       124          0          0          0          0         88   fdiv.o
       110          0          0          0          0        168   fepilogue.o
        40          0          0          0          0         68   ffixui.o
       100          0          0          0          0         76   fmul.o

    ----------------------------------------------------------------------
      1946         16          0          0          0       1768   Library Totals
         2          0          0          0          0          0   (incl. Padding)

    ----------------------------------------------------------------------

      Code (inc. data)   RO Data    RW Data    ZI Data      Debug   Library Name

       188         16          0          0          0        272   mc_w.l
      1756          0          0          0          0       1496   mf_w.l

    ----------------------------------------------------------------------
      1946         16          0          0          0       1768   Library Totals

    ----------------------------------------------------------------------

==============================================================================


      Code (inc. data)   RO Data    RW Data    ZI Data      Debug   

      7492        620        268         24       1024     634953   Grand Totals
      7492        620        268         24       1024     634953   ELF Image Totals
      7492        620        268         24          0          0   ROM Totals

==============================================================================

    Total RO  Size (Code + RO Data)                 7760 (   7.58kB)
    Total RW  Size (RW Data + ZI Data)              1048 (   1.02kB)
    Total ROM Size (Code + RO Data + RW Data)       7784 (   7.60kB)

==============================================================================

